BRTEST_ANALYZER_ERROR
Cannot assign a value of type "enum_local_var_init_with_wrong_enum_type.br.MyOtherEnum" as "enum_local_var_init_with_wrong_enum_type.br.MyEnum".
