BRTEST_ANALYZER_ERROR
Cannot assign a value of type "enum_local_var_assign_outer_with_wrong_enum_type.br::InnerClass.MyEnum" as "enum_local_var_assign_outer_with_wrong_enum_type.br.MyEnum".
