BRTEST_ANALYZER_ERROR
Cannot assign a value of type "enum_value_from_parent.br.<anonymous enum>" as "enum_preload_unnamed_assign_to_named.br.MyEnum".
