BRTEST_ANALYZER_ERROR
Cannot get nested types for extension from non-BRScript type "RefCounted".
