BRTEST_ANALYZER_ERROR
Member "property" is not a function.
