BRTEST_OK
right one
---
wrong
right
godot
---
right one
