BRTEST_OK
<Object#null>
<null>
<Object#null>
<null>
<Object#null>
<null>
