BRTEST_OK
true
true
true
true
true
true
true
true
true
true
