BRTEST_OK
{ 8: { "key": "value" } }
{ "key": "value" }
value
value
