BRTEST_PARSER_ERROR
Expected an expression after "=".
