BRTEST_PARSER_ERROR
Expected end of statement after variable declaration, found "==" instead.
