BRTEST_PARSER_ERROR
Identifier "Ð°s" is visually similar to the BRScript keyword "as" and thus not allowed.
