BRTEST_PARSER_ERROR
Constructor cannot return a value.
