BRTEST_PARSER_ERROR
"yield" was removed in Bradot 4. Use "await" instead.
