BRTEST_OK
{ "test": "a" } false
{ "test": "b" } false
