BRTEST_OK
@GlobalScope::print (Callable)
@BRScript::len (Callable)
1 2 3
1
3
1.2
