BRTEST_RUNTIME_ERROR
>> SCRIPT ERROR
>> on function: weak()
>> runtime/errors/bad_conversion_for_default_parameter.br
>> 2
>> Trying to assign value of type 'String' to a variable of type 'float'.
0
not ok
