BRTEST_RUNTIME_ERROR
>> SCRIPT ERROR
>> on function: test()
>> runtime/errors/invalid_property_assignment.br
>> 9
>> Invalid assignment of property or key 'obj' with value of type 'RefCounted (MyObj)' on a base object of type 'RefCounted (MyObj)'.
