BRTEST_RUNTIME_ERROR
>> SCRIPT ERROR
>> on function: test()
>> runtime/errors/typed_array_pass_basic_to_typed.br
>> 6
>> Invalid type in function 'expect_typed' in base 'RefCounted (typed_array_pass_basic_to_typed.br)'. The array of argument 1 (Array) does not have the same element type as the expected typed array argument.
