BRTEST_RUNTIME_ERROR
>> SCRIPT ERROR
>> on function: test()
>> runtime/errors/typed_dictionary_pass_differently_to_typed.br
>> 6
>> Invalid type in function 'expect_typed' in base 'RefCounted (typed_dictionary_pass_differently_to_typed.br)'. The dictionary of argument 1 (Dictionary[float, float]) does not have the same element type as the expected typed dictionary argument.
