BRTEST_RUNTIME_ERROR
>> SCRIPT ERROR
>> on function: test()
>> runtime/errors/typed_array_assign_basic_to_typed.br
>> 3
>> Trying to assign an array of type "Array" to a variable of type "Array[int]".
