BRTEST_OK
>> WARNING
>> Line: 4
>> INT_AS_ENUM_WITHOUT_MATCH
>> Cannot cast 2 as Enum "cast_enum_bad_int.br.MyEnum": no enum member has matching value.
2
